// Jest Snapshot v1, https://goo.gl/fbAQLP

exports[`snapshot testing genrate snapshot of Export estimation 1`] = `
<Router
  history={
    Object {
      "action": "POP",
      "block": [Function],
      "createHref": [Function],
      "go": [Function],
      "goBack": [Function],
      "goForward": [Function],
      "length": 1,
      "listen": [Function],
      "location": Object {
        "hash": "",
        "pathname": "/",
        "search": "",
        "state": undefined,
      },
      "push": [Function],
      "replace": [Function],
    }
  }
>
  <Provider
    store={
      Object {
        "@@observable": [Function],
        "dispatch": [Function],
        "getState": [Function],
        "replaceReducer": [Function],
        "subscribe": [Function],
      }
    }
  >
    <PersistGate
      loading={null}
      persistor={
        Object {
          "@@observable": [Function],
          "dispatch": [Function],
          "flush": [Function],
          "getState": [Function],
          "pause": [Function],
          "persist": [Function],
          "purge": [Function],
          "replaceReducer": [Function],
          "subscribe": [Function],
        }
      }
    >
      <ExportEstimationPopup />
    </PersistGate>
  </Provider>
</Router>
`;
